// Jest Snapshot v1, https://goo.gl/fbAQLP

exports[`SampleComponent renders correctly renders correctly 1`] = `
<div
  className="SampleComponent"
>
  <h4>
    Welcome to your new blank build!
  </h4>
  <p>
    Add in some Sass vars in setup.scss then create some components to get started.
  </p>
</div>
`;
